Set INTEL compilers as MPI wrappers backend
remove impi/2021.10.0 (PATH, MANPATH, LD_LIBRARY_PATH)
load impi/2021.10.0 (PATH, MANPATH, LD_LIBRARY_PATH)
remove mkl/2023.2.0 (LD_LIBRARY_PATH)
load mkl/2023.2.0 (LD_LIBRARY_PATH)
load FFTW/3.3.10 (LD_LIBRARY_PATH, LIBRARY_PATH, CPATH, C_INCLUDE_PATH,
CPLUS_INCLUDE_PATH, PKG_CONFIG_PATH, FFTW_ROOT, FFTW_HOME) 
load HDF5/1.14.1-2 (PATH, LD_LIBRARY_PATH, LIBRARY_PATH, C_INCLUDE_PATH,
CPLUS_INCLUDE_PATH, HDF5_DIR, HDF5_ROOT,CFLAGS, CPPFLAGS, LDFLAGS) 
load PNETCDF/1.12.3 (PATH, MANPATH, LD_LIBRARY_PATH, LIBRARY_PATH,
PKG_CONFIG_PATH, C_INCLUDE_PATH, CPLUS_INCLUDE_PATH) 
load NETCDF/c-4.9.2_fortran-4.6.1_cxx4-4.3.1_hdf5-1.14.1-2_pnetcdf-1.12.3
(PATH, LD_LIBRARY_PATH, LIBRARY_PATH, PKG_CONFIG_PATH, C_INCLUDE_PATH,
CPLUS_INCLUDE_PATH, NETCDF_ROOT, NETCDF_DIR) 
Submitted batch job 35127027
Job ID 35127027
Nodetype: gp_ehpc; account: ehpc01
Job status: Q
Job status: R
Job status: CG
Job status: 
JOB DISAPPEARED!
Job status: NONE
Results collected: results.35127027/
Batch system output: results.35127027/slurm-35127027.out
Psubmit wrapper output: results.35127027/psubmit_wrapper_output.35127027

--- Batch system output: ---
>>> PSUBMIT: PSUBMIT_JOBID=35127027 PSUBMIT_DIRNAME=/gpfs/home/bsc/bsc631248/bin
>>> PSUBMIT: args: -t slurm -n 1750 -p 14 -h 8 -g 0 -d /gpfs/home/bsc/bsc631248/bin -s ifs.DE_CY48R1.0_climateDT_20250826.SP.CPU.GPP/ -e false -o ifs.DE_CY48R1.0_climateDT_20250826.SP.CPU.GPP//psubmit.opt -a 
>>> PSUBMIT: sbatch -J ifsnemo-basic-test --exclusive --time=120 --qos=gp_ehpc    --account=ehpc01   -D /gpfs/scratch/bsc32/bsc631248/ifsnc-refgen-20250826-usearchandraps/ifsnemo-build/ifsnemo -N 125 -n 1750 /gpfs/home/bsc/bsc631248/bin/psubmit-mpiexec-wrapper.sh -t slurm -n 1750 -p 14 -h 8 -g 0 -d /gpfs/home/bsc/bsc631248/bin -s ifs.DE_CY48R1.0_climateDT_20250826.SP.CPU.GPP/  -e false -o ifs.DE_CY48R1.0_climateDT_20250826.SP.CPU.GPP//psubmit.opt -a "\"\""
Submitted batch job 35127027

--- Psubmit wrapper output: ---
>>> PSUBMIT: Nodelist gs24r3b02:14,gs24r3b03:14,gs24r3b04:14,gs24r3b05:14,gs24r3b06:14,gs24r3b09:14,gs24r3b10:14,gs24r3b11:14,gs24r3b12:14,gs24r3b13:14,gs24r3b14:14,gs24r3b17:14,gs24r3b18:14,gs24r3b19:14,gs24r3b20:14,gs24r3b21:14,gs24r3b22:14,gs24r3b23:14,gs24r3b24:14,gs24r3b25:14,gs24r3b26:14,gs24r3b27:14,gs24r3b28:14,gs24r3b29:14,gs24r3b30:14,gs24r3b31:14,gs24r3b32:14,gs24r3b33:14,gs24r3b35:14,gs24r3b36:14,gs24r3b37:14,gs24r3b38:14,gs24r3b39:14,gs24r3b40:14,gs24r3b41:14,gs24r3b42:14,gs24r3b43:14,gs24r3b44:14,gs24r3b45:14,gs24r3b46:14,gs24r3b47:14,gs24r3b48:14,gs24r3b49:14,gs24r3b50:14,gs24r3b51:14,gs24r3b52:14,gs24r3b53:14,gs24r3b54:14,gs24r3b55:14,gs24r3b56:14,gs24r3b57:14,gs24r3b58:14,gs24r3b59:14,gs24r3b60:14,gs24r3b65:14,gs24r3b68:14,gs29r2b02:14,gs29r2b03:14,gs29r2b04:14,gs29r2b05:14,gs29r2b06:14,gs29r2b07:14,gs29r2b08:14,gs29r2b09:14,gs29r2b10:14,gs29r2b11:14,gs29r2b12:14,gs29r2b13:14,gs29r2b14:14,gs29r2b15:14,gs29r2b17:14,gs29r2b18:14,gs29r2b19:14,gs29r2b20:14,gs29r2b21:14,gs29r2b22:14,gs29r2b24:14,gs29r2b25:14,gs29r2b26:14,gs29r2b27:14,gs29r2b28:14,gs29r2b29:14,gs29r2b30:14,gs29r2b31:14,gs29r2b32:14,gs29r2b33:14,gs29r2b34:14,gs29r2b35:14,gs29r2b36:14,gs29r2b37:14,gs29r2b38:14,gs29r2b39:14,gs29r2b40:14,gs29r2b41:14,gs29r2b42:14,gs29r2b43:14,gs29r2b44:14,gs29r2b45:14,gs29r2b46:14,gs29r2b47:14,gs29r2b48:14,gs29r2b49:14,gs29r2b50:14,gs29r2b51:14,gs29r2b52:14,gs29r2b53:14,gs29r2b54:14,gs29r2b55:14,gs29r2b56:14,gs29r2b57:14,gs29r2b58:14,gs29r2b59:14,gs29r2b60:14,gs29r2b61:14,gs29r2b62:14,gs29r2b63:14,gs29r2b64:14,gs29r2b65:14,gs29r2b66:14,gs29r2b67:14,gs29r2b68:14,gs29r2b69:14,gs29r2b70:14,gs29r2b71:14,gs29r2b72:14
>>> [PREPROC] Patching /gpfs/scratch/bsc32/bsc631248/ifsnc-refgen-20250826-usearchandraps/ifsnemo-build/ifsnemo/raps/bin/hres to enable run.stat
>>> [POSTPROC] JOBID=35127027
>>> [POSTPROC] TESTBED_DIR=/gpfs/scratch/bsc32/bsc631248/ifsnc-refgen-20250826-usearchandraps/ifsnemo-build/ifsnemo/ifsnemo_testbed_35127027
>>> [POSTPROC] RESULTS_DIR=/gpfs/scratch/bsc32/bsc631248/ifsnc-refgen-20250826-usearchandraps/ifsnemo-build/ifsnemo/results.35127027
>>> [POSTPROC] Phase 1: Moving artifacts into /gpfs/scratch/bsc32/bsc631248/ifsnc-refgen-20250826-usearchandraps/ifsnemo-build/ifsnemo/results.35127027
>>> [POSTPROC] Archived testbed -> ifsnemo_testbed_35127027.35127027.dir
>>> [POSTPROC] Phase 2: Verifying required files in results.35127027
>>> [POSTPROC] Phase 3: Step-count consistency checks
>>> [POSTPROC]   laststep (time.step/run.stat): 240
>>> [POSTPROC]   NSTOP    (NODE.001_01)       : 192
>>> [POSTPROC]   CNT0 last(ifs.stat)           : 192
>>> [POSTPROC]   NODE.001_01 contains "*** END CNT0 ***"
>>> [POSTPROC] IFS step-counts consistent: NSTOP=192 == CNT0=192
>>> PSUBMIT: Exiting...
cat: /gpfs/scratch/bsc32/bsc631248/ifsnc-refgen-20250826-usearchandraps/ifsnemo-build/ifsnemo/results.35127027/rank0: No such file or directory
