Set INTEL compilers as MPI wrappers backend
remove impi/2021.10.0 (PATH, MANPATH, LD_LIBRARY_PATH)
load impi/2021.10.0 (PATH, MANPATH, LD_LIBRARY_PATH)
remove mkl/2023.2.0 (LD_LIBRARY_PATH)
load mkl/2023.2.0 (LD_LIBRARY_PATH)
load FFTW/3.3.10 (LD_LIBRARY_PATH, LIBRARY_PATH, CPATH, C_INCLUDE_PATH,
CPLUS_INCLUDE_PATH, PKG_CONFIG_PATH, FFTW_ROOT, FFTW_HOME) 
load HDF5/1.14.1-2 (PATH, LD_LIBRARY_PATH, LIBRARY_PATH, C_INCLUDE_PATH,
CPLUS_INCLUDE_PATH, HDF5_DIR, HDF5_ROOT,CFLAGS, CPPFLAGS, LDFLAGS) 
load PNETCDF/1.12.3 (PATH, MANPATH, LD_LIBRARY_PATH, LIBRARY_PATH,
PKG_CONFIG_PATH, C_INCLUDE_PATH, CPLUS_INCLUDE_PATH) 
load NETCDF/c-4.9.2_fortran-4.6.1_cxx4-4.3.1_hdf5-1.14.1-2_pnetcdf-1.12.3
(PATH, LD_LIBRARY_PATH, LIBRARY_PATH, PKG_CONFIG_PATH, C_INCLUDE_PATH,
CPLUS_INCLUDE_PATH, NETCDF_ROOT, NETCDF_DIR) 
Submitted batch job 35126958
Job ID 35126958
Nodetype: gp_ehpc; account: ehpc01
Job status: Q
Job status: R
Job status: CG
Job status: 
JOB DISAPPEARED!
Job status: NONE
Results collected: results.35126958/
Batch system output: results.35126958/slurm-35126958.out
Psubmit wrapper output: results.35126958/psubmit_wrapper_output.35126958

--- Batch system output: ---
>>> PSUBMIT: PSUBMIT_JOBID=35126958 PSUBMIT_DIRNAME=/gpfs/home/bsc/bsc631248/bin
>>> PSUBMIT: args: -t slurm -n 1750 -p 14 -h 8 -g 0 -d /gpfs/home/bsc/bsc631248/bin -s ifs.DE_CY48R1.0_climateDT_20251105.SP.CPU.GPP/ -e false -o ifs.DE_CY48R1.0_climateDT_20251105.SP.CPU.GPP//psubmit.opt -a 
>>> PSUBMIT: sbatch -J ifsnemo-basic-test --exclusive --time=120 --qos=gp_ehpc    --account=ehpc01   -D /gpfs/scratch/bsc32/bsc631248/ifsnc-refgen-20251105-usearchandraps/ifsnemo-build/ifsnemo -N 125 -n 1750 /gpfs/home/bsc/bsc631248/bin/psubmit-mpiexec-wrapper.sh -t slurm -n 1750 -p 14 -h 8 -g 0 -d /gpfs/home/bsc/bsc631248/bin -s ifs.DE_CY48R1.0_climateDT_20251105.SP.CPU.GPP/  -e false -o ifs.DE_CY48R1.0_climateDT_20251105.SP.CPU.GPP//psubmit.opt -a "\"\""
Submitted batch job 35126958

--- Psubmit wrapper output: ---
>>> PSUBMIT: Nodelist gs24r2b04:14,gs24r2b10:14,gs24r2b11:14,gs24r2b12:14,gs24r2b15:14,gs24r2b16:14,gs24r2b17:14,gs24r2b19:14,gs24r2b20:14,gs24r2b23:14,gs24r2b25:14,gs24r2b26:14,gs24r2b27:14,gs24r2b32:14,gs24r2b33:14,gs24r2b34:14,gs24r2b35:14,gs24r2b36:14,gs24r2b37:14,gs24r2b38:14,gs24r2b39:14,gs24r2b40:14,gs24r2b41:14,gs24r2b42:14,gs24r2b43:14,gs24r2b44:14,gs24r2b45:14,gs24r2b46:14,gs24r2b47:14,gs24r2b48:14,gs24r2b49:14,gs24r2b50:14,gs24r2b51:14,gs24r2b52:14,gs24r2b53:14,gs24r2b54:14,gs24r2b55:14,gs24r2b56:14,gs24r2b57:14,gs24r2b58:14,gs24r2b59:14,gs24r2b60:14,gs24r2b61:14,gs24r2b62:14,gs24r2b63:14,gs24r2b64:14,gs24r2b65:14,gs24r2b66:14,gs24r2b67:14,gs24r2b68:14,gs24r2b69:14,gs24r2b70:14,gs24r2b71:14,gs24r2b72:14,gs28r2b01:14,gs28r2b03:14,gs28r2b04:14,gs28r2b05:14,gs28r2b06:14,gs28r2b07:14,gs28r2b08:14,gs28r2b09:14,gs28r2b10:14,gs28r2b11:14,gs28r2b12:14,gs28r2b13:14,gs28r2b14:14,gs28r2b15:14,gs28r2b16:14,gs28r2b17:14,gs28r2b18:14,gs28r2b19:14,gs28r2b20:14,gs28r2b21:14,gs28r2b22:14,gs28r2b23:14,gs28r2b24:14,gs28r2b25:14,gs28r2b26:14,gs28r2b27:14,gs28r2b28:14,gs28r2b29:14,gs28r2b30:14,gs28r2b31:14,gs28r2b32:14,gs28r2b33:14,gs28r2b34:14,gs28r2b35:14,gs28r2b36:14,gs28r2b37:14,gs28r2b38:14,gs28r2b39:14,gs28r2b40:14,gs28r2b41:14,gs28r2b42:14,gs28r2b43:14,gs28r2b44:14,gs28r2b45:14,gs28r2b46:14,gs28r2b47:14,gs28r2b48:14,gs28r2b49:14,gs28r2b50:14,gs28r2b51:14,gs28r2b52:14,gs28r2b53:14,gs28r2b54:14,gs28r2b55:14,gs28r2b56:14,gs28r2b57:14,gs28r2b58:14,gs28r2b59:14,gs28r2b60:14,gs28r2b61:14,gs28r2b62:14,gs28r2b63:14,gs28r2b64:14,gs28r2b65:14,gs28r2b66:14,gs28r2b67:14,gs28r2b68:14,gs28r2b69:14,gs28r2b70:14,gs28r2b71:14,gs28r2b72:14
>>> [PREPROC] Patching /gpfs/scratch/bsc32/bsc631248/ifsnc-refgen-20251105-usearchandraps/ifsnemo-build/ifsnemo/raps/bin/hres to enable run.stat
>>> [POSTPROC] JOBID=35126958
>>> [POSTPROC] TESTBED_DIR=/gpfs/scratch/bsc32/bsc631248/ifsnc-refgen-20251105-usearchandraps/ifsnemo-build/ifsnemo/ifsnemo_testbed_35126958
>>> [POSTPROC] RESULTS_DIR=/gpfs/scratch/bsc32/bsc631248/ifsnc-refgen-20251105-usearchandraps/ifsnemo-build/ifsnemo/results.35126958
>>> [POSTPROC] Phase 1: Moving artifacts into /gpfs/scratch/bsc32/bsc631248/ifsnc-refgen-20251105-usearchandraps/ifsnemo-build/ifsnemo/results.35126958
>>> [POSTPROC] Archived testbed -> ifsnemo_testbed_35126958.35126958.dir
>>> [POSTPROC] Phase 2: Verifying required files in results.35126958
>>> [POSTPROC] Phase 3: Step-count consistency checks
>>> [POSTPROC]   laststep (time.step/run.stat): 240
>>> [POSTPROC]   NSTOP    (NODE.001_01)       : 192
>>> [POSTPROC]   CNT0 last(ifs.stat)           : 192
>>> [POSTPROC]   NODE.001_01 contains "*** END CNT0 ***"
>>> [POSTPROC] IFS step-counts consistent: NSTOP=192 == CNT0=192
>>> PSUBMIT: Exiting...
cat: /gpfs/scratch/bsc32/bsc631248/ifsnc-refgen-20251105-usearchandraps/ifsnemo-build/ifsnemo/results.35126958/rank0: No such file or directory
