Set INTEL compilers as MPI wrappers backend
remove impi/2021.10.0 (PATH, MANPATH, LD_LIBRARY_PATH)
load impi/2021.10.0 (PATH, MANPATH, LD_LIBRARY_PATH)
remove mkl/2023.2.0 (LD_LIBRARY_PATH)
load mkl/2023.2.0 (LD_LIBRARY_PATH)
load FFTW/3.3.10 (LD_LIBRARY_PATH, LIBRARY_PATH, CPATH, C_INCLUDE_PATH,
CPLUS_INCLUDE_PATH, PKG_CONFIG_PATH, FFTW_ROOT, FFTW_HOME) 
load HDF5/1.14.1-2 (PATH, LD_LIBRARY_PATH, LIBRARY_PATH, C_INCLUDE_PATH,
CPLUS_INCLUDE_PATH, HDF5_DIR, HDF5_ROOT,CFLAGS, CPPFLAGS, LDFLAGS) 
load PNETCDF/1.12.3 (PATH, MANPATH, LD_LIBRARY_PATH, LIBRARY_PATH,
PKG_CONFIG_PATH, C_INCLUDE_PATH, CPLUS_INCLUDE_PATH) 
load NETCDF/c-4.9.2_fortran-4.6.1_cxx4-4.3.1_hdf5-1.14.1-2_pnetcdf-1.12.3
(PATH, LD_LIBRARY_PATH, LIBRARY_PATH, PKG_CONFIG_PATH, C_INCLUDE_PATH,
CPLUS_INCLUDE_PATH, NETCDF_ROOT, NETCDF_DIR) 
Submitted batch job 35126757
Job ID 35126757
Nodetype: gp_ehpc; account: ehpc01
Job status: Q
Job status: R
Job status: CG
Job status: 
JOB DISAPPEARED!
Job status: NONE
Results collected: results.35126757/
Batch system output: results.35126757/slurm-35126757.out
Psubmit wrapper output: results.35126757/psubmit_wrapper_output.35126757

--- Batch system output: ---
>>> PSUBMIT: PSUBMIT_JOBID=35126757 PSUBMIT_DIRNAME=/gpfs/home/bsc/bsc631248/bin
>>> PSUBMIT: args: -t slurm -n 448 -p 28 -h 4 -g 0 -d /gpfs/home/bsc/bsc631248/bin -s ifs.DE_CY48R1.0_climateDT_20250826.SP.CPU.GPP/ -e false -o ifs.DE_CY48R1.0_climateDT_20250826.SP.CPU.GPP//psubmit.opt -a 
>>> PSUBMIT: sbatch -J ifsnemo-basic-test --exclusive --time=120 --qos=gp_ehpc    --account=ehpc01   -D /gpfs/scratch/bsc32/bsc631248/ifsnc-refgen-20250826-usearchandraps/ifsnemo-build/ifsnemo -N 16 -n 448 /gpfs/home/bsc/bsc631248/bin/psubmit-mpiexec-wrapper.sh -t slurm -n 448 -p 28 -h 4 -g 0 -d /gpfs/home/bsc/bsc631248/bin -s ifs.DE_CY48R1.0_climateDT_20250826.SP.CPU.GPP/  -e false -o ifs.DE_CY48R1.0_climateDT_20250826.SP.CPU.GPP//psubmit.opt -a "\"\""
Submitted batch job 35126757

--- Psubmit wrapper output: ---
>>> PSUBMIT: Nodelist gs29r3b21:28,gs29r3b34:28,gs29r3b42:28,gs29r3b43:28,gs29r3b44:28,gs29r3b45:28,gs29r3b46:28,gs29r3b49:28,gs29r3b50:28,gs29r3b51:28,gs29r3b52:28,gs29r3b57:28,gs29r3b58:28,gs29r3b59:28,gs29r3b62:28,gs29r3b65:28
>>> [PREPROC] Patching /gpfs/scratch/bsc32/bsc631248/ifsnc-refgen-20250826-usearchandraps/ifsnemo-build/ifsnemo/raps/bin/hres to enable run.stat
>>> [POSTPROC] JOBID=35126757
>>> [POSTPROC] TESTBED_DIR=/gpfs/scratch/bsc32/bsc631248/ifsnc-refgen-20250826-usearchandraps/ifsnemo-build/ifsnemo/ifsnemo_testbed_35126757
>>> [POSTPROC] RESULTS_DIR=/gpfs/scratch/bsc32/bsc631248/ifsnc-refgen-20250826-usearchandraps/ifsnemo-build/ifsnemo/results.35126757
>>> [POSTPROC] Phase 1: Moving artifacts into /gpfs/scratch/bsc32/bsc631248/ifsnc-refgen-20250826-usearchandraps/ifsnemo-build/ifsnemo/results.35126757
>>> [POSTPROC] Archived testbed -> ifsnemo_testbed_35126757.35126757.dir
>>> [POSTPROC] Phase 2: Verifying required files in results.35126757
>>> [POSTPROC] Phase 3: Step-count consistency checks
>>> [POSTPROC]   laststep (time.step/run.stat): 96
>>> [POSTPROC]   NSTOP    (NODE.001_01)       : 96
>>> [POSTPROC]   CNT0 last(ifs.stat)           : 96
>>> [POSTPROC]   NODE.001_01 contains "*** END CNT0 ***"
>>> [POSTPROC] IFS step-counts consistent: NSTOP=96 == CNT0=96
>>> PSUBMIT: Exiting...
cat: /gpfs/scratch/bsc32/bsc631248/ifsnc-refgen-20250826-usearchandraps/ifsnemo-build/ifsnemo/results.35126757/rank0: No such file or directory
